components/CustomCursor.tsx(10,19): error TS2554: Expected 1 arguments, but got 0.
components/LenisProvider.tsx(37,17): error TS2454: Variable 'rafId' is used before being assigned.
